#! /c/Source/iverilog-install/bin/vvp
:ivl_version "12.0 (devel)" "(s20150603-1539-g2693dd32b)";
:ivl_delay_selection "TYPICAL";
:vpi_time_precision - 12;
:vpi_module "C:\iverilog\lib\ivl\system.vpi";
:vpi_module "C:\iverilog\lib\ivl\vhdl_sys.vpi";
:vpi_module "C:\iverilog\lib\ivl\vhdl_textio.vpi";
:vpi_module "C:\iverilog\lib\ivl\v2005_math.vpi";
:vpi_module "C:\iverilog\lib\ivl\va_math.vpi";
S_0000023f1bc88fa0 .scope module, "tb_sumador_restador_4bit" "tb_sumador_restador_4bit" 2 3;
 .timescale -9 -12;
v0000023f1bcf21f0_0 .var "A", 3 0;
v0000023f1bcf2510_0 .var "B", 3 0;
v0000023f1bcf1890_0 .net "Co", 0 0, L_0000023f1bcf2870;  1 drivers
v0000023f1bcf0710_0 .var "Sel", 0 0;
v0000023f1bcf25b0_0 .net "So", 3 0, L_0000023f1bcf19d0;  1 drivers
S_0000023f1bc89130 .scope module, "dut" "sumador_restador_4bit" 2 13, 3 2 0, S_0000023f1bc88fa0;
 .timescale 0 0;
    .port_info 0 /INPUT 4 "A";
    .port_info 1 /INPUT 4 "B";
    .port_info 2 /INPUT 1 "Sel";
    .port_info 3 /OUTPUT 4 "So";
    .port_info 4 /OUTPUT 1 "Co";
L_0000023f1bc7db50 .functor XOR 1, L_0000023f1bcf23d0, v0000023f1bcf0710_0, C4<0>, C4<0>;
L_0000023f1bc7da70 .functor XOR 1, L_0000023f1bcf1250, v0000023f1bcf0710_0, C4<0>, C4<0>;
L_0000023f1bc7dd80 .functor XOR 1, L_0000023f1bcf1110, v0000023f1bcf0710_0, C4<0>, C4<0>;
L_0000023f1bc7d3e0 .functor XOR 1, L_0000023f1bcf2010, v0000023f1bcf0710_0, C4<0>, C4<0>;
v0000023f1bc83280_0 .net "A", 3 0, v0000023f1bcf21f0_0;  1 drivers
v0000023f1bc81c00_0 .net "B", 3 0, v0000023f1bcf2510_0;  1 drivers
v0000023f1bc81ca0_0 .net "B_xor", 3 0, L_0000023f1bcf2150;  1 drivers
v0000023f1bc82420_0 .net "C0", 0 0, L_0000023f1bc7d0d0;  1 drivers
v0000023f1bc827e0_0 .net "C1", 0 0, L_0000023f1bc7d7d0;  1 drivers
v0000023f1bc82920_0 .net "C2", 0 0, L_0000023f1bcf3360;  1 drivers
v0000023f1bc81de0_0 .net "Co", 0 0, L_0000023f1bcf2870;  alias, 1 drivers
v0000023f1bc81f20_0 .net "Sel", 0 0, v0000023f1bcf0710_0;  1 drivers
v0000023f1bc82ce0_0 .net "So", 3 0, L_0000023f1bcf19d0;  alias, 1 drivers
v0000023f1bc829c0_0 .net *"_ivl_10", 0 0, L_0000023f1bc7da70;  1 drivers
v0000023f1bc82c40_0 .net *"_ivl_15", 0 0, L_0000023f1bcf1110;  1 drivers
v0000023f1bc82d80_0 .net *"_ivl_16", 0 0, L_0000023f1bc7dd80;  1 drivers
v0000023f1bc833c0_0 .net *"_ivl_22", 0 0, L_0000023f1bcf2010;  1 drivers
v0000023f1bc7aef0_0 .net *"_ivl_23", 0 0, L_0000023f1bc7d3e0;  1 drivers
v0000023f1bc7b530_0 .net *"_ivl_3", 0 0, L_0000023f1bcf23d0;  1 drivers
v0000023f1bcf11b0_0 .net *"_ivl_4", 0 0, L_0000023f1bc7db50;  1 drivers
v0000023f1bcf0c10_0 .net *"_ivl_9", 0 0, L_0000023f1bcf1250;  1 drivers
L_0000023f1bcf23d0 .part v0000023f1bcf2510_0, 0, 1;
L_0000023f1bcf1250 .part v0000023f1bcf2510_0, 1, 1;
L_0000023f1bcf1110 .part v0000023f1bcf2510_0, 2, 1;
L_0000023f1bcf2150 .concat8 [ 1 1 1 1], L_0000023f1bc7db50, L_0000023f1bc7da70, L_0000023f1bc7dd80, L_0000023f1bc7d3e0;
L_0000023f1bcf2010 .part v0000023f1bcf2510_0, 3, 1;
L_0000023f1bcf20b0 .part v0000023f1bcf21f0_0, 0, 1;
L_0000023f1bcf07b0 .part L_0000023f1bcf2150, 0, 1;
L_0000023f1bcf1430 .part v0000023f1bcf21f0_0, 1, 1;
L_0000023f1bcf17f0 .part L_0000023f1bcf2150, 1, 1;
L_0000023f1bcf0cb0 .part v0000023f1bcf21f0_0, 2, 1;
L_0000023f1bcf0d50 .part L_0000023f1bcf2150, 2, 1;
L_0000023f1bcf1d90 .part v0000023f1bcf21f0_0, 3, 1;
L_0000023f1bcf1f70 .part L_0000023f1bcf2150, 3, 1;
L_0000023f1bcf19d0 .concat8 [ 1 1 1 1], L_0000023f1bc7ddf0, L_0000023f1bc7d290, L_0000023f1bc7d8b0, L_0000023f1bcf2790;
S_0000023f1bc85b30 .scope module, "sum0" "sumador_1bit" 3 25, 4 2 0, S_0000023f1bc89130;
 .timescale 0 0;
    .port_info 0 /INPUT 1 "A";
    .port_info 1 /INPUT 1 "B";
    .port_info 2 /INPUT 1 "Cin";
    .port_info 3 /OUTPUT 1 "So";
    .port_info 4 /OUTPUT 1 "Cout";
L_0000023f1bc7cf80 .functor XOR 1, L_0000023f1bcf20b0, L_0000023f1bcf07b0, C4<0>, C4<0>;
L_0000023f1bc7ddf0 .functor XOR 1, L_0000023f1bc7cf80, v0000023f1bcf0710_0, C4<0>, C4<0>;
L_0000023f1bc7cff0 .functor AND 1, L_0000023f1bcf20b0, L_0000023f1bcf07b0, C4<1>, C4<1>;
L_0000023f1bc7d530 .functor XOR 1, L_0000023f1bcf20b0, L_0000023f1bcf07b0, C4<0>, C4<0>;
L_0000023f1bc7d060 .functor AND 1, v0000023f1bcf0710_0, L_0000023f1bc7d530, C4<1>, C4<1>;
L_0000023f1bc7d0d0 .functor OR 1, L_0000023f1bc7cff0, L_0000023f1bc7d060, C4<0>, C4<0>;
v0000023f1bc82e20_0 .net "A", 0 0, L_0000023f1bcf20b0;  1 drivers
v0000023f1bc82600_0 .net "B", 0 0, L_0000023f1bcf07b0;  1 drivers
v0000023f1bc82880_0 .net "Cin", 0 0, v0000023f1bcf0710_0;  alias, 1 drivers
v0000023f1bc831e0_0 .net "Cout", 0 0, L_0000023f1bc7d0d0;  alias, 1 drivers
v0000023f1bc82560_0 .net "So", 0 0, L_0000023f1bc7ddf0;  1 drivers
v0000023f1bc82ec0_0 .net *"_ivl_0", 0 0, L_0000023f1bc7cf80;  1 drivers
v0000023f1bc82b00_0 .net *"_ivl_4", 0 0, L_0000023f1bc7cff0;  1 drivers
v0000023f1bc83460_0 .net *"_ivl_6", 0 0, L_0000023f1bc7d530;  1 drivers
v0000023f1bc82ba0_0 .net *"_ivl_8", 0 0, L_0000023f1bc7d060;  1 drivers
S_0000023f1bc85cc0 .scope module, "sum1" "sumador_1bit" 3 34, 4 2 0, S_0000023f1bc89130;
 .timescale 0 0;
    .port_info 0 /INPUT 1 "A";
    .port_info 1 /INPUT 1 "B";
    .port_info 2 /INPUT 1 "Cin";
    .port_info 3 /OUTPUT 1 "So";
    .port_info 4 /OUTPUT 1 "Cout";
L_0000023f1bc7d1b0 .functor XOR 1, L_0000023f1bcf1430, L_0000023f1bcf17f0, C4<0>, C4<0>;
L_0000023f1bc7d290 .functor XOR 1, L_0000023f1bc7d1b0, L_0000023f1bc7d0d0, C4<0>, C4<0>;
L_0000023f1bc7d5a0 .functor AND 1, L_0000023f1bcf1430, L_0000023f1bcf17f0, C4<1>, C4<1>;
L_0000023f1bc7d680 .functor XOR 1, L_0000023f1bcf1430, L_0000023f1bcf17f0, C4<0>, C4<0>;
L_0000023f1bc7d760 .functor AND 1, L_0000023f1bc7d0d0, L_0000023f1bc7d680, C4<1>, C4<1>;
L_0000023f1bc7d7d0 .functor OR 1, L_0000023f1bc7d5a0, L_0000023f1bc7d760, C4<0>, C4<0>;
v0000023f1bc83140_0 .net "A", 0 0, L_0000023f1bcf1430;  1 drivers
v0000023f1bc81d40_0 .net "B", 0 0, L_0000023f1bcf17f0;  1 drivers
v0000023f1bc824c0_0 .net "Cin", 0 0, L_0000023f1bc7d0d0;  alias, 1 drivers
v0000023f1bc830a0_0 .net "Cout", 0 0, L_0000023f1bc7d7d0;  alias, 1 drivers
v0000023f1bc83a00_0 .net "So", 0 0, L_0000023f1bc7d290;  1 drivers
v0000023f1bc81b60_0 .net *"_ivl_0", 0 0, L_0000023f1bc7d1b0;  1 drivers
v0000023f1bc83000_0 .net *"_ivl_4", 0 0, L_0000023f1bc7d5a0;  1 drivers
v0000023f1bc822e0_0 .net *"_ivl_6", 0 0, L_0000023f1bc7d680;  1 drivers
v0000023f1bc83500_0 .net *"_ivl_8", 0 0, L_0000023f1bc7d760;  1 drivers
S_0000023f1bc52720 .scope module, "sum2" "sumador_1bit" 3 43, 4 2 0, S_0000023f1bc89130;
 .timescale 0 0;
    .port_info 0 /INPUT 1 "A";
    .port_info 1 /INPUT 1 "B";
    .port_info 2 /INPUT 1 "Cin";
    .port_info 3 /OUTPUT 1 "So";
    .port_info 4 /OUTPUT 1 "Cout";
L_0000023f1bc7d840 .functor XOR 1, L_0000023f1bcf0cb0, L_0000023f1bcf0d50, C4<0>, C4<0>;
L_0000023f1bc7d8b0 .functor XOR 1, L_0000023f1bc7d840, L_0000023f1bc7d7d0, C4<0>, C4<0>;
L_0000023f1bc7d920 .functor AND 1, L_0000023f1bcf0cb0, L_0000023f1bcf0d50, C4<1>, C4<1>;
L_0000023f1bcf2c60 .functor XOR 1, L_0000023f1bcf0cb0, L_0000023f1bcf0d50, C4<0>, C4<0>;
L_0000023f1bcf2720 .functor AND 1, L_0000023f1bc7d7d0, L_0000023f1bcf2c60, C4<1>, C4<1>;
L_0000023f1bcf3360 .functor OR 1, L_0000023f1bc7d920, L_0000023f1bcf2720, C4<0>, C4<0>;
v0000023f1bc835a0_0 .net "A", 0 0, L_0000023f1bcf0cb0;  1 drivers
v0000023f1bc826a0_0 .net "B", 0 0, L_0000023f1bcf0d50;  1 drivers
v0000023f1bc82f60_0 .net "Cin", 0 0, L_0000023f1bc7d7d0;  alias, 1 drivers
v0000023f1bc82a60_0 .net "Cout", 0 0, L_0000023f1bcf3360;  alias, 1 drivers
v0000023f1bc82240_0 .net "So", 0 0, L_0000023f1bc7d8b0;  1 drivers
v0000023f1bc83640_0 .net *"_ivl_0", 0 0, L_0000023f1bc7d840;  1 drivers
v0000023f1bc82740_0 .net *"_ivl_4", 0 0, L_0000023f1bc7d920;  1 drivers
v0000023f1bc836e0_0 .net *"_ivl_6", 0 0, L_0000023f1bcf2c60;  1 drivers
v0000023f1bc83780_0 .net *"_ivl_8", 0 0, L_0000023f1bcf2720;  1 drivers
S_0000023f1bc528b0 .scope module, "sum3" "sumador_1bit" 3 52, 4 2 0, S_0000023f1bc89130;
 .timescale 0 0;
    .port_info 0 /INPUT 1 "A";
    .port_info 1 /INPUT 1 "B";
    .port_info 2 /INPUT 1 "Cin";
    .port_info 3 /OUTPUT 1 "So";
    .port_info 4 /OUTPUT 1 "Cout";
L_0000023f1bcf2b10 .functor XOR 1, L_0000023f1bcf1d90, L_0000023f1bcf1f70, C4<0>, C4<0>;
L_0000023f1bcf2790 .functor XOR 1, L_0000023f1bcf2b10, L_0000023f1bcf3360, C4<0>, C4<0>;
L_0000023f1bcf2950 .functor AND 1, L_0000023f1bcf1d90, L_0000023f1bcf1f70, C4<1>, C4<1>;
L_0000023f1bcf2800 .functor XOR 1, L_0000023f1bcf1d90, L_0000023f1bcf1f70, C4<0>, C4<0>;
L_0000023f1bcf30c0 .functor AND 1, L_0000023f1bcf3360, L_0000023f1bcf2800, C4<1>, C4<1>;
L_0000023f1bcf2870 .functor OR 1, L_0000023f1bcf2950, L_0000023f1bcf30c0, C4<0>, C4<0>;
v0000023f1bc83820_0 .net "A", 0 0, L_0000023f1bcf1d90;  1 drivers
v0000023f1bc83960_0 .net "B", 0 0, L_0000023f1bcf1f70;  1 drivers
v0000023f1bc82100_0 .net "Cin", 0 0, L_0000023f1bcf3360;  alias, 1 drivers
v0000023f1bc83320_0 .net "Cout", 0 0, L_0000023f1bcf2870;  alias, 1 drivers
v0000023f1bc81fc0_0 .net "So", 0 0, L_0000023f1bcf2790;  1 drivers
v0000023f1bc821a0_0 .net *"_ivl_0", 0 0, L_0000023f1bcf2b10;  1 drivers
v0000023f1bc81e80_0 .net *"_ivl_4", 0 0, L_0000023f1bcf2950;  1 drivers
v0000023f1bc82380_0 .net *"_ivl_6", 0 0, L_0000023f1bcf2800;  1 drivers
v0000023f1bc82060_0 .net *"_ivl_8", 0 0, L_0000023f1bcf30c0;  1 drivers
    .scope S_0000023f1bc88fa0;
T_0 ;
    %vpi_call 2 24 "$dumpfile", "ondas.vcd" {0 0 0};
    %vpi_call 2 25 "$dumpvars", 32'sb00000000000000000000000000000000, S_0000023f1bc88fa0 {0 0 0};
    %vpi_call 2 27 "$display", "--------------------------------------------------" {0 0 0};
    %vpi_call 2 28 "$display", "Sel | A (bin) | B (bin) | Co | So (bin) | Operacion " {0 0 0};
    %vpi_call 2 29 "$display", "--------------------------------------------------" {0 0 0};
    %vpi_call 2 30 "$monitor", " %b  |   %b  |   %b  |  %b |   %b   ", v0000023f1bcf0710_0, v0000023f1bcf21f0_0, v0000023f1bcf2510_0, v0000023f1bcf1890_0, v0000023f1bcf25b0_0 {0 0 0};
    %pushi/vec4 0, 0, 1;
    %store/vec4 v0000023f1bcf0710_0, 0, 1;
    %pushi/vec4 3, 0, 4;
    %store/vec4 v0000023f1bcf21f0_0, 0, 4;
    %pushi/vec4 4, 0, 4;
    %store/vec4 v0000023f1bcf2510_0, 0, 4;
    %delay 10000, 0;
    %pushi/vec4 5, 0, 4;
    %store/vec4 v0000023f1bcf21f0_0, 0, 4;
    %pushi/vec4 2, 0, 4;
    %store/vec4 v0000023f1bcf2510_0, 0, 4;
    %delay 10000, 0;
    %pushi/vec4 8, 0, 4;
    %store/vec4 v0000023f1bcf21f0_0, 0, 4;
    %pushi/vec4 1, 0, 4;
    %store/vec4 v0000023f1bcf2510_0, 0, 4;
    %delay 10000, 0;
    %pushi/vec4 7, 0, 4;
    %store/vec4 v0000023f1bcf21f0_0, 0, 4;
    %pushi/vec4 7, 0, 4;
    %store/vec4 v0000023f1bcf2510_0, 0, 4;
    %delay 10000, 0;
    %pushi/vec4 0, 0, 4;
    %store/vec4 v0000023f1bcf21f0_0, 0, 4;
    %pushi/vec4 5, 0, 4;
    %store/vec4 v0000023f1bcf2510_0, 0, 4;
    %delay 10000, 0;
    %pushi/vec4 10, 0, 4;
    %store/vec4 v0000023f1bcf21f0_0, 0, 4;
    %pushi/vec4 5, 0, 4;
    %store/vec4 v0000023f1bcf2510_0, 0, 4;
    %delay 10000, 0;
    %vpi_call 2 42 "$display", "--------------------------------------------------" {0 0 0};
    %pushi/vec4 1, 0, 1;
    %store/vec4 v0000023f1bcf0710_0, 0, 1;
    %pushi/vec4 7, 0, 4;
    %store/vec4 v0000023f1bcf21f0_0, 0, 4;
    %pushi/vec4 5, 0, 4;
    %store/vec4 v0000023f1bcf2510_0, 0, 4;
    %delay 10000, 0;
    %pushi/vec4 3, 0, 4;
    %store/vec4 v0000023f1bcf21f0_0, 0, 4;
    %pushi/vec4 7, 0, 4;
    %store/vec4 v0000023f1bcf2510_0, 0, 4;
    %delay 10000, 0;
    %pushi/vec4 8, 0, 4;
    %store/vec4 v0000023f1bcf21f0_0, 0, 4;
    %pushi/vec4 4, 0, 4;
    %store/vec4 v0000023f1bcf2510_0, 0, 4;
    %delay 10000, 0;
    %pushi/vec4 10, 0, 4;
    %store/vec4 v0000023f1bcf21f0_0, 0, 4;
    %pushi/vec4 10, 0, 4;
    %store/vec4 v0000023f1bcf2510_0, 0, 4;
    %delay 10000, 0;
    %pushi/vec4 5, 0, 4;
    %store/vec4 v0000023f1bcf21f0_0, 0, 4;
    %pushi/vec4 8, 0, 4;
    %store/vec4 v0000023f1bcf2510_0, 0, 4;
    %delay 10000, 0;
    %pushi/vec4 15, 0, 4;
    %store/vec4 v0000023f1bcf21f0_0, 0, 4;
    %pushi/vec4 1, 0, 4;
    %store/vec4 v0000023f1bcf2510_0, 0, 4;
    %delay 10000, 0;
    %vpi_call 2 55 "$finish" {0 0 0};
    %end;
    .thread T_0;
# The file index is used to find the file name in the following table.
:file_names 5;
    "N/A";
    "<interactive>";
    "tb_sumador_restador_4bit.v";
    "sumador_restador_4bit.v";
    "sumador_1bit.v";
